     1                                  
     2                                  extern myprintf
     3                                  
     4                                  section .data
     5 00000000 2573256F2525252525-         format  db  '%s%o%%%%%%x%d%string%ceal&stroke', '\0'
     6 00000009 257825642573747269-
     7 00000012 6E67256365616C2673-
     8 0000001B 74726F6B655C30     
     9 00000022 737472696E675C30            string1 db  'string', '\0'
    10                                      oct1    equ 888
    11                                      hex1    equ 0xface
    12                                      dec1    equ 1000
    13                                  
    14                                  section .text
    15                                  
    16                                  global _start
    17                                  
    18                                  _start:
    19 00000000 415A                        pop r10
    20                                  
    21 00000002 48BE-                       mov rsi, format
    22 00000004 [0000000000000000] 
    23 0000000C 48BA-                       mov rdx, string1
    24 0000000E [2200000000000000] 
    25 00000016 48B978030000000000-         mov rcx, oct1
    26 0000001F 00                 
    27 00000020 49B8CEFA0000000000-         mov r8,  hex1
    28 00000029 00                 
    29 0000002A 49B9E8030000000000-         mov r9,  dec1
    30 00000033 00                 
    31                                  
    32 00000034 4151                        push r9
    33 00000036 4150                        push r8
    34 00000038 51                          push rcx
    35 00000039 52                          push rdx
    36 0000003A 56                          push rsi
    37                                  
    38 0000003B 4889F8                      mov rax, rdi
    39 0000003E E8(00000000)                call myprintf
    40                                  
    41 00000043 5E                          pop rsi
    42 00000044 5A                          pop rdx
    43 00000045 59                          pop rcx
    44 00000046 4158                        pop r8
    45 00000048 4159                        pop r9
    46                                  
    47 0000004A 4152                        push r10
    48 0000004C C3                          ret
